ASxxxx Linker V03.00 + NoICE + sdld,  page 1.
Hexadecimal  [32-Bits]

Area                                    Addr        Size        Decimal Bytes (Attributes)
--------------------------------        ----        ----        ------- ----- ------------
CABS                                00000000    00000000 =           0. bytes (ABS,CON,CODE)

      Value  Global                              Global Defined In Module
      -----  --------------------------------   ------------------------
C:   00000000  l_CABS                          
C:   00000000  l_GSINIT1                       
C:   00000000  l_GSINIT5                       
C:   00000000  l_IABS                          
C:   00000000  l_ISEG                          
C:   00000000  l_PSEG                          
C:   00000000  l_RSEG                          
C:   00000000  l_RSEG0                         
C:   00000000  l_RSEG1                         
C:   00000000  l_XABS                          
C:   00000000  l_XINIT                         
C:   00000000  l_XISEG                         
C:   00000000  l_XSEG                          
C:   00000000  l__CODE                         
C:   00000000  s_BSEG                          
C:   00000000  s_CABS                          
C:   00000000  s_DSEG                          
C:   00000000  s_HOME                          
C:   00000000  s_IABS                          
C:   00000000  s_ISEG                          
C:   00000000  s_REG_BANK_0                    
C:   00000000  s_RSEG                          
C:   00000000  s_RSEG0                         
C:   00000000  s_RSEG1                         
C:   00000000  s_XABS                          
C:   00000001  l_BIT_BANK                      
C:   00000001  s_PSEG                          
C:   00000001  s_XISEG                         
C:   00000001  s_XSEG                          
C:   00000002  l_BSEG_BYTES                    
C:   00000002  l_OSEG                          
C:   00000003  l_GSFINAL                       
C:   00000003  l_GSINIT0                       
C:   00000008  l_REG_BANK_0                    
C:   00000008  l_REG_BANK_1                    
C:   00000008  l_REG_BANK_2                    
C:   00000008  l_REG_BANK_3                    
C:   00000008  s_REG_BANK_1                    
C:   0000000A  l_BSEG                          
C:   0000000A  l_GSINIT2                       
C:   00000010  l_CONST                         
C:   00000010  s_REG_BANK_2                    
C:   00000012  l_GSINIT                        
C:   00000018  s_REG_BANK_3                    
C:   00000020  s_BSEG_BYTES                    
C:   00000020  s__CODE                         
C:   00000022  l_GSINIT3                       
C:   00000022  s_BIT_BANK                      
C:   0000002A  l_GSINIT4                       
C:   0000002A  s_OSEG                          
ASxxxx Linker V03.00 + NoICE + sdld,  page 2.
Hexadecimal  [32-Bits]

Area                                    Addr        Size        Decimal Bytes (Attributes)
--------------------------------        ----        ----        ------- ----- ------------
CABS                                00000000    00000000 =           0. bytes (ABS,CON,CODE)

      Value  Global                              Global Defined In Module
      -----  --------------------------------   ------------------------
C:   0000002C  s_SSEG                          
C:   00000031  l_HOME                          
C:   00000031  s_GSINIT0                       
C:   00000034  s_GSINIT1                       
C:   00000034  s_GSINIT2                       
C:   0000003E  s_GSINIT3                       
C:   00000060  s_GSINIT4                       
C:   00000080  l_DSEG                          
C:   0000008A  s_GSINIT                        
C:   0000008A  s_GSINIT5                       
C:   0000009C  s_GSFINAL                       
C:   0000009F  s_CSEG                          
C:   000000D4  l_SSEG                          
C:   00000100  l_IRAM                          
C:   000008D4  l_CSEG                          
C:   00000973  s_CONST                         
C:   00000983  s_XINIT                         

ASxxxx Linker V03.00 + NoICE + sdld,  page 3.
Hexadecimal  [32-Bits]

Area                                    Addr        Size        Decimal Bytes (Attributes)
--------------------------------        ----        ----        ------- ----- ------------
.  .ABS.                            00000000    00000000 =           0. bytes (ABS,CON)

      Value  Global                              Global Defined In Module
      -----  --------------------------------   ------------------------
     00000000  .__.ABS.                           _fsrshift
     00000080  _P0                                main
     00000080  _P0_0                              main
     00000081  _P0_1                              main
     00000081  _SP                                main
     00000082  _DPL                               main
     00000082  _P0_2                              main
     00000083  _DPH                               main
     00000083  _P0_3                              main
     00000084  _P0_4                              main
     00000085  _P0_5                              main
     00000086  _P0_6                              main
     00000087  _P0_7                              main
     00000087  _PCON                              main
     00000088  _IT0                               main
     00000088  _TCON                              main
     00000089  _IE0                               main
     00000089  _TMOD                              main
     0000008A  _IT1                               main
     0000008A  _TL0                               main
     0000008B  _IE1                               main
     0000008B  _TL1                               main
     0000008C  _TH0                               main
     0000008C  _TR0                               main
     0000008D  _TF0                               main
     0000008D  _TH1                               main
     0000008E  _TR1                               main
     0000008F  _TF1                               main
     00000090  _P1                                main
     00000090  _P1_0                              main
     00000090  _T2                                main
     00000091  _P1_1                              main
     00000091  _T2EX                              main
     00000092  _P1_2                              main
     00000093  _P1_3                              main
     00000094  _P1_4                              main
     00000095  _P1_5                              main
     00000096  _P1_6                              main
     00000097  _P1_7                              main
     00000098  _RI                                main
     00000098  _SCON                              main
     00000099  _SBUF                              main
     00000099  _TI                                main
     0000009A  _RB8                               main
     0000009B  _TB8                               main
     0000009C  _REN                               main
     0000009D  _SM2                               main
     0000009E  _SM1                               main
     0000009F  _SM0                               main
     000000A0  _P2                                main
ASxxxx Linker V03.00 + NoICE + sdld,  page 4.
Hexadecimal  [32-Bits]

Area                                    Addr        Size        Decimal Bytes (Attributes)
--------------------------------        ----        ----        ------- ----- ------------
.  .ABS.                            00000000    00000000 =           0. bytes (ABS,CON)

      Value  Global                              Global Defined In Module
      -----  --------------------------------   ------------------------
     000000A0  _P2_0                              main
     000000A0  __XPAGE                            
     000000A1  _P2_1                              main
     000000A2  _P2_2                              main
     000000A3  _P2_3                              main
     000000A4  _P2_4                              main
     000000A5  _P2_5                              main
     000000A6  _P2_6                              main
     000000A7  _P2_7                              main
     000000A8  _EX0                               main
     000000A8  _IE                                main
     000000A9  _ET0                               main
     000000AA  _EX1                               main
     000000AB  _ET1                               main
     000000AC  _ES                                main
     000000AD  _ET2                               main
     000000AF  _EA                                main
     000000B0  _P3                                main
     000000B0  _P3_0                              main
     000000B0  _RXD                               main
     000000B1  _P3_1                              main
     000000B1  _TXD                               main
     000000B2  _INT0                              main
     000000B2  _P3_2                              main
     000000B3  _INT1                              main
     000000B3  _P3_3                              main
     000000B4  _P3_4                              main
     000000B4  _T0                                main
     000000B5  _P3_5                              main
     000000B5  _T1                                main
     000000B6  _P3_6                              main
     000000B6  _WR                                main
     000000B7  _P3_7                              main
     000000B7  _RD                                main
     000000B8  _IP                                main
     000000B8  _PX0                               main
     000000B9  _PT0                               main
     000000BA  _PX1                               main
     000000BB  _PT1                               main
     000000BC  _PS                                main
     000000BD  _PT2                               main
     000000C8  _CP_RL2                            main
     000000C8  _T2CON                             main
     000000C8  _T2CON_0                           main
     000000C9  _C_T2                              main
     000000C9  _T2CON_1                           main
     000000C9  _T2MOD                             main
     000000CA  _RCAP2L                            main
     000000CA  _T2CON_2                           main
     000000CA  _TR2                               main
     000000CB  _EXEN2                             main
ASxxxx Linker V03.00 + NoICE + sdld,  page 5.
Hexadecimal  [32-Bits]

Area                                    Addr        Size        Decimal Bytes (Attributes)
--------------------------------        ----        ----        ------- ----- ------------
.  .ABS.                            00000000    00000000 =           0. bytes (ABS,CON)

      Value  Global                              Global Defined In Module
      -----  --------------------------------   ------------------------
     000000CB  _RCAP2H                            main
     000000CB  _T2CON_3                           main
     000000CC  _T2CON_4                           main
     000000CC  _TCLK                              main
     000000CC  _TL2                               main
     000000CD  _RCLK                              main
     000000CD  _T2CON_5                           main
     000000CD  _TH2                               main
     000000CE  _EXF2                              main
     000000CE  _T2CON_6                           main
     000000CF  _T2CON_7                           main
     000000CF  _TF2                               main
     000000D0  _P                                 main
     000000D0  _PSW                               main
     000000D1  _FL                                main
     000000D2  _OV                                main
     000000D3  _RS0                               main
     000000D4  _RS1                               main
     000000D5  _F0                                main
     000000D6  _AC                                main
     000000D7  _CY                                main
     000000E0  _A                                 main
     000000E0  _ACC                               main
     000000F0  _B                                 main

ASxxxx Linker V03.00 + NoICE + sdld,  page 6.
Hexadecimal  [32-Bits]

Area                                    Addr        Size        Decimal Bytes (Attributes)
--------------------------------        ----        ----        ------- ----- ------------
BSEG_BYTES                          00000020    00000002 =           2. bytes (REL,CON)

      Value  Global                              Global Defined In Module
      -----  --------------------------------   ------------------------
ASxxxx Linker V03.00 + NoICE + sdld,  page 7.
Hexadecimal  [32-Bits]

Area                                    Addr        Size        Decimal Bytes (Attributes)
--------------------------------        ----        ----        ------- ----- ------------
REG_BANK_0                          00000000    00000008 =           8. bytes (REL,OVR)

      Value  Global                              Global Defined In Module
      -----  --------------------------------   ------------------------
ASxxxx Linker V03.00 + NoICE + sdld,  page 8.
Hexadecimal  [32-Bits]

Area                                    Addr        Size        Decimal Bytes (Attributes)
--------------------------------        ----        ----        ------- ----- ------------
REG_BANK_1                          00000008    00000008 =           8. bytes (REL,OVR)

      Value  Global                              Global Defined In Module
      -----  --------------------------------   ------------------------
ASxxxx Linker V03.00 + NoICE + sdld,  page 9.
Hexadecimal  [32-Bits]

Area                                    Addr        Size        Decimal Bytes (Attributes)
--------------------------------        ----        ----        ------- ----- ------------
REG_BANK_2                          00000010    00000008 =           8. bytes (REL,OVR)

      Value  Global                              Global Defined In Module
      -----  --------------------------------   ------------------------
ASxxxx Linker V03.00 + NoICE + sdld,  page 10.
Hexadecimal  [32-Bits]

Area                                    Addr        Size        Decimal Bytes (Attributes)
--------------------------------        ----        ----        ------- ----- ------------
REG_BANK_3                          00000018    00000008 =           8. bytes (REL,OVR)

      Value  Global                              Global Defined In Module
      -----  --------------------------------   ------------------------
ASxxxx Linker V03.00 + NoICE + sdld,  page 11.
Hexadecimal  [32-Bits]

Area                                    Addr        Size        Decimal Bytes (Attributes)
--------------------------------        ----        ----        ------- ----- ------------
BIT_BANK                            00000022    00000001 =           1. bytes (REL,OVR)

      Value  Global                              Global Defined In Module
      -----  --------------------------------   ------------------------
ASxxxx Linker V03.00 + NoICE + sdld,  page 12.
Hexadecimal  [32-Bits]

Area                                    Addr        Size        Decimal Bytes (Attributes)
--------------------------------        ----        ----        ------- ----- ------------
DSEG                                00000000    00000080 =         128. bytes (REL,CON)

      Value  Global                              Global Defined In Module
      -----  --------------------------------   ------------------------
     00000023  _operate                           main
     00000024  _speed                             main
     00000025  _t0InterruptTimes                  main
     00000027  _t2InterruptTimes                  main
     00000029  _angle                             main

ASxxxx Linker V03.00 + NoICE + sdld,  page 13.
Hexadecimal  [32-Bits]

Area                                    Addr        Size        Decimal Bytes (Attributes)
--------------------------------        ----        ----        ------- ----- ------------
OSEG                                0000002A    00000002 =           2. bytes (REL,OVR)

      Value  Global                              Global Defined In Module
      -----  --------------------------------   ------------------------
     0000002A  __modsint_PARM_2                   _moduint
     0000002A  __moduint_PARM_2                   _moduint

ASxxxx Linker V03.00 + NoICE + sdld,  page 14.
Hexadecimal  [32-Bits]

Area                                    Addr        Size        Decimal Bytes (Attributes)
--------------------------------        ----        ----        ------- ----- ------------
SSEG                                0000002C    000000D4 =         212. bytes (REL,OVR)

      Value  Global                              Global Defined In Module
      -----  --------------------------------   ------------------------
     0000002C  __start__stack                     main

ASxxxx Linker V03.00 + NoICE + sdld,  page 15.
Hexadecimal  [32-Bits]

Area                                    Addr        Size        Decimal Bytes (Attributes)
--------------------------------        ----        ----        ------- ----- ------------
HOME                                00000000    00000031 =          49. bytes (REL,CON,CODE)

      Value  Global                              Global Defined In Module
      -----  --------------------------------   ------------------------
C:   0000002E  __sdcc_program_startup             main

ASxxxx Linker V03.00 + NoICE + sdld,  page 16.
Hexadecimal  [32-Bits]

Area                                    Addr        Size        Decimal Bytes (Attributes)
--------------------------------        ----        ----        ------- ----- ------------
GSINIT0                             00000031    00000003 =           3. bytes (REL,CON,CODE)

      Value  Global                              Global Defined In Module
      -----  --------------------------------   ------------------------
C:   00000031  __sdcc_gsinit_startup              

ASxxxx Linker V03.00 + NoICE + sdld,  page 17.
Hexadecimal  [32-Bits]

Area                                    Addr        Size        Decimal Bytes (Attributes)
--------------------------------        ----        ----        ------- ----- ------------
GSINIT2                             00000034    0000000A =          10. bytes (REL,CON,CODE)

      Value  Global                              Global Defined In Module
      -----  --------------------------------   ------------------------
ASxxxx Linker V03.00 + NoICE + sdld,  page 18.
Hexadecimal  [32-Bits]

Area                                    Addr        Size        Decimal Bytes (Attributes)
--------------------------------        ----        ----        ------- ----- ------------
GSINIT3                             0000003E    00000022 =          34. bytes (REL,CON,CODE)

      Value  Global                              Global Defined In Module
      -----  --------------------------------   ------------------------
C:   0000003E  __mcs51_genXINIT                   

ASxxxx Linker V03.00 + NoICE + sdld,  page 19.
Hexadecimal  [32-Bits]

Area                                    Addr        Size        Decimal Bytes (Attributes)
--------------------------------        ----        ----        ------- ----- ------------
GSINIT4                             00000060    0000002A =          42. bytes (REL,CON,CODE)

      Value  Global                              Global Defined In Module
      -----  --------------------------------   ------------------------
C:   00000060  __mcs51_genRAMCLEAR                
C:   00000066  __mcs51_genXRAMCLEAR               

ASxxxx Linker V03.00 + NoICE + sdld,  page 20.
Hexadecimal  [32-Bits]

Area                                    Addr        Size        Decimal Bytes (Attributes)
--------------------------------        ----        ----        ------- ----- ------------
GSINIT                              0000008A    00000012 =          18. bytes (REL,CON,CODE)

      Value  Global                              Global Defined In Module
      -----  --------------------------------   ------------------------
ASxxxx Linker V03.00 + NoICE + sdld,  page 21.
Hexadecimal  [32-Bits]

Area                                    Addr        Size        Decimal Bytes (Attributes)
--------------------------------        ----        ----        ------- ----- ------------
GSFINAL                             0000009C    00000003 =           3. bytes (REL,CON,CODE)

      Value  Global                              Global Defined In Module
      -----  --------------------------------   ------------------------
ASxxxx Linker V03.00 + NoICE + sdld,  page 22.
Hexadecimal  [32-Bits]

Area                                    Addr        Size        Decimal Bytes (Attributes)
--------------------------------        ----        ----        ------- ----- ------------
CSEG                                0000009F    000008D4 =        2260. bytes (REL,CON,CODE)

      Value  Global                              Global Defined In Module
      -----  --------------------------------   ------------------------
C:   0000009F  _delay                             main
C:   000000C3  _putcharToSer                      main
C:   000000CC  _sensorTrigger                     main
C:   000000DC  _setObsFlag                        main
C:   000000ED  _ledStatus                         main
C:   00000113  _setTurnAngle                      main
C:   00000140  _steerTurn                         main
C:   0000017D  _workSR04                          main
C:   000001A0  _calculate                         main
C:   0000023F  _isHaveObs                         main
C:   000002AE  _selfControl                       main
C:   000004D7  _btControl                         main
C:   00000524  _initInterrupt                     main
C:   00000531  _initTimer0                        main
C:   0000054E  _initSerial                        main
C:   00000562  _initTimer2                        main
C:   00000577  _timer0                            main
C:   000005D0  _int1                              main
C:   000005D6  _serial                            main
C:   000005E4  _timer2                            main
C:   0000065E  _setup                             main
C:   0000066D  _loop                              main
C:   000006A4  _main                              main
C:   000006B1  ___fsmul                           _fsmul
C:   00000754  fsgetargs                          _fsget2args
C:   00000782  fs_normalize_a                     _fsnormalize
C:   000007B5  __moduint                          _moduint
C:   00000802  ___sint2fs                         _sint2fs
C:   0000080F  ___fs2sint                         _fs2sint
C:   00000843  fs_round_and_return                _fsreturnval
C:   0000085B  fs_zerocheck_return                _fsreturnval
C:   00000864  fs_return_zero                     _fsreturnval
C:   0000086C  fs_direct_return                   _fsreturnval
C:   0000087A  fs_return_inf                      _fsreturnval
C:   00000887  fs_return_nan                      _fsreturnval
C:   00000892  ___slong2fs                        _slong2fs
C:   0000089B  slong2fs_doit                      _slong2fs
C:   000008BF  ___fs2slong                        _fs2slong
C:   0000091A  __sdcc_external_startup            _startup
C:   0000091E  fsgetarg                           _fsget1arg
C:   00000930  fs_rshift_a                        _fsrshift

ASxxxx Linker V03.00 + NoICE + sdld,  page 23.
Hexadecimal  [32-Bits]

Area                                    Addr        Size        Decimal Bytes (Attributes)
--------------------------------        ----        ----        ------- ----- ------------
CONST                               00000973    00000010 =          16. bytes (REL,CON,CODE)

      Value  Global                              Global Defined In Module
      -----  --------------------------------   ------------------------
C:   00000973  _seg                               main

ASxxxx Linker V03.00 + NoICE + sdld,  page 24.

Files Linked                              [ module(s) ]

main.rel                                  [  ]


Libraries Linked                          [ object file ]

D:\Program Files (x86)\SDCC\bin\..\lib\small/libfloat.lib
                                          [ _fsmul.rel ]
D:\Program Files (x86)\SDCC\bin\..\lib\small/libfloat.lib
                                          [ _fsget2args.rel ]
D:\Program Files (x86)\SDCC\bin\..\lib\small/mcs51.lib
                                          [ crtclear.rel ]
D:\Program Files (x86)\SDCC\bin\..\lib\small/libfloat.lib
                                          [ _fsnormalize.rel ]
D:\Program Files (x86)\SDCC\bin\..\lib\small/mcs51.lib
                                          [ crtxinit.rel ]
D:\Program Files (x86)\SDCC\bin\..\lib\small/libint.lib
                                          [ _moduint.rel ]
D:\Program Files (x86)\SDCC\bin\..\lib\small/mcs51.lib
                                          [ crtxclear.rel ]
D:\Program Files (x86)\SDCC\bin\..\lib\small/libfloat.lib
                                          [ _sint2fs.rel ]
D:\Program Files (x86)\SDCC\bin\..\lib\small/libfloat.lib
                                          [ _fs2sint.rel ]
D:\Program Files (x86)\SDCC\bin\..\lib\small/libfloat.lib
                                          [ _fsreturnval.rel ]
D:\Program Files (x86)\SDCC\bin\..\lib\small/mcs51.lib
                                          [ crtpagesfr.rel ]
D:\Program Files (x86)\SDCC\bin\..\lib\small/mcs51.lib
                                          [ crtstart.rel ]
D:\Program Files (x86)\SDCC\bin\..\lib\small/libfloat.lib
                                          [ _slong2fs.rel ]
D:\Program Files (x86)\SDCC\bin\..\lib\small/libfloat.lib
                                          [ _fs2slong.rel ]
D:\Program Files (x86)\SDCC\bin\..\lib\small/libsdcc.lib
                                          [ _startup.rel ]
D:\Program Files (x86)\SDCC\bin\..\lib\small/libfloat.lib
                                          [ _fsget1arg.rel ]
D:\Program Files (x86)\SDCC\bin\..\lib\small/libfloat.lib
                                          [ _fsrshift.rel ]

ASxxxx Linker V03.00 + NoICE + sdld,  page 25.

User Base Address Definitions

HOME = 0x0000
XSEG = 0x0001
PSEG = 0x0001
ISEG = 0x0000
BSEG = 0x0000

